Extracting Hebrew text for Deuteronomy.30...
API response time: 0.37s
Retrieved 20 Hebrew verses, 20 English verses
=== TESTING DETECTION ON DEUTERONOMY 30:20 ===
Hebrew: [Hebrew text loaded - 242 chars]
Traceback (most recent call last):
  File "C:\Users\ariro\OneDrive\Documents\Bible\test_deut_30_20_detection.py", line 89, in <module>
    test_deut_30_20_detection()
    ~~~~~~~~~~~~~~~~~~~~~~~~~^^
  File "C:\Users\ariro\OneDrive\Documents\Bible\test_deut_30_20_detection.py", line 42, in test_deut_30_20_detection
    print(f"English: {english_text}")
    ~~~~~^^^^^^^^^^^^^^^^^^^^^^^^^^^^
  File "C:\Python313\Lib\encodings\cp1252.py", line 19, in encode
    return codecs.charmap_encode(input,self.errors,encoding_table)[0]
           ~~~~~~~~~~~~~~~~~~~~~^^^^^^^^^^^^^^^^^^^^^^^^^^^^^^^^^^
UnicodeEncodeError: 'charmap' codec can't encode characters in position 28-31: character maps to <undefined>
